// Jest Snapshot v1, https://goo.gl/fbAQLP

exports[`Pruebas en zFirestApp /> Debe de hacer match con el snapshot 1`] = `
<div>
  <h1
    data-testid="test-title"
  >
     
    Hola, Soy Goku
     
  </h1>
  <p>
    no hay subtitulo
  </p>
  <p>
    no hay subtitulo
  </p>
  <p>
    DAnny Rodas
  </p>
</div>
`;
